// Jest Snapshot v1, https://goo.gl/fbAQLP

exports[`ShowCase should render correctly 1`] = `
<div
  className="showCase"
/>
`;
